// Jest Snapshot v1, https://goo.gl/fbAQLP

exports[`Gallery is rendering matches snapshot 1`] = `
<DocumentFragment>
  <div>
    <div
      class="flex-row"
      data-testid="photo-flex-row"
    >
      <img
        alt="Cat green eyes"
        class="img-thumbnail mx-1"
      />
      <img
        alt="Green parrot"
        class="img-thumbnail mx-1"
      />
      <img
        alt="Yellow macaw"
        class="img-thumbnail mx-1"
      />
      <img
        alt="Pug smile"
        class="img-thumbnail mx-1"
      />
    </div>
  </div>
</DocumentFragment>
`;
